======================================================================
FASE 1 — INVENTARIO Y VERIFICACIÓN DE INTEGRIDAD — SEMESTRE 1
======================================================================
Ejecutado: 2026-05-18T02:56:18.831Z

── 1.1 ACTIVIDADES POR PROGRESIÓN ──────────────────────────────────
Total progresiones Semestre 1: 48 (esperado: 48)

Resumen por UAC:
UAC          Progs  Acts Estado
----------------------------------------
CD-I             8    24  ✅ OK
CNEYT-I          8    24  ✅ OK
CS-I             4    12  ✅ OK
IN-I             8    24  ✅ OK
LC-I             8    24  ✅ OK
PFH-I            5    15  ✅ OK
PM-I             7    21  ✅ OK

Total actividades Semestre 1: 144 (esperado: 144)
Progresiones con exactamente 3 actividades: 48/48
Progresiones con menos de 3 actividades: 0
Progresiones con más de 3 actividades: 0
  ✅ Todas las progresiones tienen exactamente 3 actividades.

── 1.2 DISTRIBUCIÓN DE TIPOS POR UAC ───────────────────────────────

CD-I:
  lectura                   8
  quiz_multiple_opcion      8
  reflexion_escrita         8

CNEYT-I:
  lectura                   8
  quiz_multiple_opcion      8
  reflexion_escrita         8

CS-I:
  debate_estructurado       4
  lectura                   4
  reflexion_escrita         4

IN-I:
  fill_blanks               8
  lectura                   8
  reflexion_escrita         8

LC-I:
  lectura                   8
  quiz_multiple_opcion      8
  reflexion_escrita         8

PFH-I:
  lectura                   5
  quiz_multiple_opcion      5
  reflexion_escrita         5

PM-I:
  ejercicio_matematico      7
  lectura                   7
  reflexion_escrita         7

── 1.3 VERIFICACIÓN DE CAMPOS OBLIGATORIOS ─────────────────────────
  ✅ Todos los campos obligatorios están presentes (0 anomalías).

── 1.4 VERIFICACIÓN DE tipo_codigo (FK normalizado) ─────────────────
  ⚠️  144 actividades tienen tipo_codigo=NULL (FK no sincronizada con tipo).
     Causa: el seed usó la columna 'tipo' (legado) sin sincronizar tipo_codigo.
     Impacto: ninguno funcional por ahora (UI lee 'tipo'). Pendiente de sincronización.

── 1.5 DISTRIBUCIÓN DE ESTADOS ─────────────────────────────────────
  borrador: 144 (✅ correcto)

======================================================================
RESUMEN FASE 1
======================================================================
Progresiones Semestre 1: 48/48
Actividades totales: 144/144
Progs con 3 actividades: 48/48
Campos obligatorios OK: ✅
Integridad estructural: ✅ PASS


======================================================================
FASE 2 — VALIDACIÓN ZOD MASIVA + SINCRONIZACIÓN tipo_codigo
======================================================================
Ejecutado: 2026-05-18T03:44:52.315Z

Actividades a validar: 144

── 2A. RESULTADOS DE VALIDACIÓN ZOD ────────────────────────────────

Resultado Zod: 144 válidas, 0 inválidas de 144 totales
  ✅ Todas las actividades pasan validación Zod.

── 2B. SINCRONIZACIÓN tipo_codigo (FK) ──────────────────────────────
  Sincronizando tipo_codigo en 144 actividades...
  Sincronización: 144 OK, 0 errores.
  ✅ tipo_codigo sincronizado correctamente.

======================================================================
RESUMEN FASE 2
======================================================================
Validación Zod: 144/144 válidas
Actividades inválidas: 0
tipo_codigo sincronizado: ✅
Estado Fase 2: ✅ PASS


======================================================================
FASES 3 + 5 + 6 — CALIDAD PEDAGÓGICA, DUPLICADOS Y SECUENCIA
======================================================================
Ejecutado: 2026-05-18T03:45:23.064Z

── FASE 3: AUDITORÍA DE CALIDAD PEDAGÓGICA (HEURÍSTICAS) ───────────

CD-I: 6 issues
  Media severidad (6):
    🟡 CD-I-P01-A1: Texto corto: 187 palabras (mínimo recomendado: 200)
    🟡 CD-I-P02-A1: Texto corto: 198 palabras (mínimo recomendado: 200)
    🟡 CD-I-P04-A1: Texto corto: 194 palabras (mínimo recomendado: 200)
    🟡 CD-I-P05-A1: Texto corto: 187 palabras (mínimo recomendado: 200)
    🟡 CD-I-P07-A1: Texto corto: 199 palabras (mínimo recomendado: 200)
    🟡 CD-I-P08-A1: Texto corto: 189 palabras (mínimo recomendado: 200)
IN-I: 10 issues
  Alta severidad (2):
    ❌ IN-I-P05-A2: Mismatch: 9 marcadores ___ vs 8 huecos
    ❌ IN-I-P07-A2: Mismatch: 9 marcadores ___ vs 8 huecos
  Media severidad (8):
    🟡 IN-I-P01-A1: Texto corto: 161 palabras (mínimo recomendado: 200)
    🟡 IN-I-P02-A1: Texto corto: 167 palabras (mínimo recomendado: 200)
    🟡 IN-I-P03-A1: Texto corto: 142 palabras (mínimo recomendado: 200)
    🟡 IN-I-P04-A1: Texto corto: 158 palabras (mínimo recomendado: 200)
    🟡 IN-I-P05-A1: Texto corto: 198 palabras (mínimo recomendado: 200)
    🟡 IN-I-P06-A1: Texto corto: 147 palabras (mínimo recomendado: 200)
    🟡 IN-I-P07-A1: Texto corto: 156 palabras (mínimo recomendado: 200)
    🟡 IN-I-P08-A1: Texto corto: 177 palabras (mínimo recomendado: 200)
LC-I: 8 issues
  Media severidad (8):
    🟡 LC-I-P01-A1: Texto corto: 175 palabras (mínimo recomendado: 200)
    🟡 LC-I-P02-A1: Texto corto: 179 palabras (mínimo recomendado: 200)
    🟡 LC-I-P03-A1: Texto corto: 161 palabras (mínimo recomendado: 200)
    🟡 LC-I-P04-A1: Texto corto: 159 palabras (mínimo recomendado: 200)
    🟡 LC-I-P05-A1: Texto corto: 142 palabras (mínimo recomendado: 200)
    🟡 LC-I-P06-A1: Texto corto: 158 palabras (mínimo recomendado: 200)
    🟡 LC-I-P07-A1: Texto corto: 154 palabras (mínimo recomendado: 200)
    🟡 LC-I-P08-A1: Texto corto: 144 palabras (mínimo recomendado: 200)
PM-I: 6 issues
  Media severidad (6):
    🟡 PM-I-P02-A1: Texto corto: 189 palabras (mínimo recomendado: 200)
    🟡 PM-I-P03-A1: Texto corto: 197 palabras (mínimo recomendado: 200)
    🟡 PM-I-P04-A1: Texto corto: 180 palabras (mínimo recomendado: 200)
    🟡 PM-I-P05-A1: Texto corto: 176 palabras (mínimo recomendado: 200)
    🟡 PM-I-P06-A1: Texto corto: 175 palabras (mínimo recomendado: 200)
    🟡 PM-I-P07-A1: Texto corto: 178 palabras (mínimo recomendado: 200)

Resumen Fase 3:
  Actividades sin issues: 114/144
  Actividades con issues: 30/144
  Issues alta severidad: 2
  Issues media severidad: 28
  Issues baja severidad: 0

── FASE 5: VERIFICACIÓN DE DUPLICADOS ───────────────────────────────

  ✅ Sin títulos duplicados.
  ✅ Sin contenido principal duplicado entre actividades.

── FASE 6: VERIFICACIÓN DE SECUENCIA PEDAGÓGICA A1→A2→A3 ───────────

  ⚠️  CS-I-P01 (CS-I): A1=lectura(✅) A2=debate_estructurado(❌) A3=reflexion_escrita(✅)
  ⚠️  CS-I-P02 (CS-I): A1=lectura(✅) A2=debate_estructurado(❌) A3=reflexion_escrita(✅)
  ⚠️  CS-I-P03 (CS-I): A1=lectura(✅) A2=debate_estructurado(❌) A3=reflexion_escrita(✅)
  ⚠️  CS-I-P04 (CS-I): A1=lectura(✅) A2=debate_estructurado(❌) A3=reflexion_escrita(✅)
  Secuencias OK: 44/48, rotas: 4/48

======================================================================
RESUMEN FASES 3 + 5 + 6
======================================================================
Calidad Fase 3: 30 actividades con issues (2 alta, 28 media, 0 baja)
Duplicados Fase 5: 0 títulos dup, 0 contenidos dup
Secuencia Fase 6: 44/48 correctas, 4/48 rotas

Estimación de calidad global: 79% de actividades sin issues de formato


======================================================================
FIX — MISMATCH fill_blanks: IN-I-P05-A2 e IN-I-P07-A2
======================================================================
Ejecutado: 2026-05-18T03:49:01.592Z

Obteniendo IN-I-P05-A2...
  Marcadores actuales: 9, Huecos: 8
  ✅ IN-I-P05-A2 corregido: 9 marcadores === 9 huecos

Obteniendo IN-I-P07-A2...
  Marcadores actuales: 9, Huecos: 8
  Hueco 7 actual: posicion=7, respuesta='do', pista='Yes, I ___! (respuesta afirmativa)'
  ✅ IN-I-P07-A2 corregido: 9 marcadores === 9 huecos

── VERIFICACIÓN FINAL ───────────────────────────────────────────────
  IN-I-P05-A2: 9 marcadores, 9 huecos — ✅ MATCH
  IN-I-P07-A2: 9 marcadores, 9 huecos — ✅ MATCH


======================================================================
FASES 3 + 5 + 6 — CALIDAD PEDAGÓGICA, DUPLICADOS Y SECUENCIA
======================================================================
Ejecutado: 2026-05-18T03:49:07.014Z

── FASE 3: AUDITORÍA DE CALIDAD PEDAGÓGICA (HEURÍSTICAS) ───────────

CD-I: 6 issues
  Media severidad (6):
    🟡 CD-I-P01-A1: Texto corto: 187 palabras (mínimo recomendado: 200)
    🟡 CD-I-P02-A1: Texto corto: 198 palabras (mínimo recomendado: 200)
    🟡 CD-I-P04-A1: Texto corto: 194 palabras (mínimo recomendado: 200)
    🟡 CD-I-P05-A1: Texto corto: 187 palabras (mínimo recomendado: 200)
    🟡 CD-I-P07-A1: Texto corto: 199 palabras (mínimo recomendado: 200)
    🟡 CD-I-P08-A1: Texto corto: 189 palabras (mínimo recomendado: 200)
IN-I: 8 issues
  Media severidad (8):
    🟡 IN-I-P01-A1: Texto corto: 161 palabras (mínimo recomendado: 200)
    🟡 IN-I-P02-A1: Texto corto: 167 palabras (mínimo recomendado: 200)
    🟡 IN-I-P03-A1: Texto corto: 142 palabras (mínimo recomendado: 200)
    🟡 IN-I-P04-A1: Texto corto: 158 palabras (mínimo recomendado: 200)
    🟡 IN-I-P05-A1: Texto corto: 198 palabras (mínimo recomendado: 200)
    🟡 IN-I-P06-A1: Texto corto: 147 palabras (mínimo recomendado: 200)
    🟡 IN-I-P07-A1: Texto corto: 156 palabras (mínimo recomendado: 200)
    🟡 IN-I-P08-A1: Texto corto: 177 palabras (mínimo recomendado: 200)
LC-I: 8 issues
  Media severidad (8):
    🟡 LC-I-P01-A1: Texto corto: 175 palabras (mínimo recomendado: 200)
    🟡 LC-I-P02-A1: Texto corto: 179 palabras (mínimo recomendado: 200)
    🟡 LC-I-P03-A1: Texto corto: 161 palabras (mínimo recomendado: 200)
    🟡 LC-I-P04-A1: Texto corto: 159 palabras (mínimo recomendado: 200)
    🟡 LC-I-P05-A1: Texto corto: 142 palabras (mínimo recomendado: 200)
    🟡 LC-I-P06-A1: Texto corto: 158 palabras (mínimo recomendado: 200)
    🟡 LC-I-P07-A1: Texto corto: 154 palabras (mínimo recomendado: 200)
    🟡 LC-I-P08-A1: Texto corto: 144 palabras (mínimo recomendado: 200)
PM-I: 6 issues
  Media severidad (6):
    🟡 PM-I-P02-A1: Texto corto: 189 palabras (mínimo recomendado: 200)
    🟡 PM-I-P03-A1: Texto corto: 197 palabras (mínimo recomendado: 200)
    🟡 PM-I-P04-A1: Texto corto: 180 palabras (mínimo recomendado: 200)
    🟡 PM-I-P05-A1: Texto corto: 176 palabras (mínimo recomendado: 200)
    🟡 PM-I-P06-A1: Texto corto: 175 palabras (mínimo recomendado: 200)
    🟡 PM-I-P07-A1: Texto corto: 178 palabras (mínimo recomendado: 200)

Resumen Fase 3:
  Actividades sin issues: 116/144
  Actividades con issues: 28/144
  Issues alta severidad: 0
  Issues media severidad: 28
  Issues baja severidad: 0

── FASE 5: VERIFICACIÓN DE DUPLICADOS ───────────────────────────────

  ✅ Sin títulos duplicados.
  ✅ Sin contenido principal duplicado entre actividades.

── FASE 6: VERIFICACIÓN DE SECUENCIA PEDAGÓGICA A1→A2→A3 ───────────

  ⚠️  CS-I-P01 (CS-I): A1=lectura(✅) A2=debate_estructurado(❌) A3=reflexion_escrita(✅)
  ⚠️  CS-I-P02 (CS-I): A1=lectura(✅) A2=debate_estructurado(❌) A3=reflexion_escrita(✅)
  ⚠️  CS-I-P03 (CS-I): A1=lectura(✅) A2=debate_estructurado(❌) A3=reflexion_escrita(✅)
  ⚠️  CS-I-P04 (CS-I): A1=lectura(✅) A2=debate_estructurado(❌) A3=reflexion_escrita(✅)
  Secuencias OK: 44/48, rotas: 4/48

======================================================================
RESUMEN FASES 3 + 5 + 6
======================================================================
Calidad Fase 3: 28 actividades con issues (0 alta, 28 media, 0 baja)
Duplicados Fase 5: 0 títulos dup, 0 contenidos dup
Secuencia Fase 6: 44/48 correctas, 4/48 rotas

Estimación de calidad global: 81% de actividades sin issues de formato

